// Vitest Snapshot v1, https://vitest.dev/guide/snapshot.html

exports[`LanguageDrillStack (prod) CFN snapshot > matches the locked CFN template 1`] = `
{
  "Outputs": {
    "AnnotateStreamUrl": {
      "Description": "Function URL for /read/annotate streaming endpoint",
      "Value": {
        "Fn::GetAtt": [
          "AnnotateStreamUrl211DD16F",
          "FunctionUrl",
        ],
      },
    },
    "ApiGatewayApiDomainTarget4375270F": {
      "Description": "Add a CNAME in Cloudflare: api.langdrill.app → this value",
      "Value": {
        "Fn::GetAtt": [
          "ApiGatewayApiDomain7EBCAF8D",
          "RegionalDomainName",
        ],
      },
    },
    "ApiUrl": {
      "Description": "API Gateway endpoint URL",
      "Value": {
        "Fn::Join": [
          "",
          [
            "https://",
            {
              "Ref": "ApiGatewayHttpApi55B01A81",
            },
            ".execute-api.us-east-1.",
            {
              "Ref": "AWS::URLSuffix",
            },
            "/",
          ],
        ],
      },
    },
    "GenerationQueueUrl": {
      "Description": "SQS queue for generation jobs (Phase 4). Set GENERATION_QUEUE_URL to this for the CLI --queue flag.",
      "Value": {
        "Ref": "GenerationQueueB318CF3E",
      },
    },
  },
  "Parameters": {
    "BootstrapVersion": {
      "Default": "/cdk-bootstrap/hnb659fds/version",
      "Description": "Version of the CDK Bootstrap resources in this environment, automatically retrieved from SSM Parameter Store. [cdk:skip]",
      "Type": "AWS::SSM::Parameter::Value<String>",
    },
  },
  "Resources": {
    "AnnotateStreamHandlerECDF8AEA": {
      "DependsOn": [
        "AnnotateStreamHandlerServiceRoleDefaultPolicy4629907F",
        "AnnotateStreamHandlerServiceRoleF47FEC63",
      ],
      "Properties": {
        "Code": {
          "S3Bucket": "cdk-hnb659fds-assets-123456789012-us-east-1",
          "S3Key": "<asset-hash>.zip",
        },
        "Environment": {
          "Variables": {
            "ANTHROPIC_API_KEY": {
              "Fn::Join": [
                "",
                [
                  "{{resolve:secretsmanager:arn:",
                  {
                    "Ref": "AWS::Partition",
                  },
                  ":secretsmanager:us-east-1:123456789012:secret:language-drill/ANTHROPIC_API_KEY:SecretString:::}}",
                ],
              ],
            },
            "CLERK_SECRET_KEY": {
              "Fn::Join": [
                "",
                [
                  "{{resolve:secretsmanager:arn:",
                  {
                    "Ref": "AWS::Partition",
                  },
                  ":secretsmanager:us-east-1:123456789012:secret:language-drill/CLERK_SECRET_KEY:SecretString:::}}",
                ],
              ],
            },
            "DATABASE_URL": {
              "Fn::Join": [
                "",
                [
                  "{{resolve:secretsmanager:arn:",
                  {
                    "Ref": "AWS::Partition",
                  },
                  ":secretsmanager:us-east-1:123456789012:secret:language-drill/DATABASE_URL:SecretString:::}}",
                ],
              ],
            },
            "LANGFUSE_ENV": "prod",
            "LANGFUSE_PUBLIC_KEY": {
              "Fn::Join": [
                "",
                [
                  "{{resolve:secretsmanager:arn:",
                  {
                    "Ref": "AWS::Partition",
                  },
                  ":secretsmanager:us-east-1:123456789012:secret:language-drill/LANGFUSE_PUBLIC_KEY:SecretString:::}}",
                ],
              ],
            },
            "LANGFUSE_SECRET_KEY": {
              "Fn::Join": [
                "",
                [
                  "{{resolve:secretsmanager:arn:",
                  {
                    "Ref": "AWS::Partition",
                  },
                  ":secretsmanager:us-east-1:123456789012:secret:language-drill/LANGFUSE_SECRET_KEY:SecretString:::}}",
                ],
              ],
            },
          },
        },
        "Handler": "index.handler",
        "MemorySize": 512,
        "Role": {
          "Fn::GetAtt": [
            "AnnotateStreamHandlerServiceRoleF47FEC63",
            "Arn",
          ],
        },
        "Runtime": "nodejs20.x",
        "Tags": [
          {
            "Key": "env",
            "Value": "prod",
          },
        ],
        "Timeout": 29,
      },
      "Type": "AWS::Lambda::Function",
    },
    "AnnotateStreamHandlerServiceRoleDefaultPolicy4629907F": {
      "Properties": {
        "PolicyDocument": {
          "Statement": [
            {
              "Action": [
                "secretsmanager:GetSecretValue",
                "secretsmanager:DescribeSecret",
              ],
              "Effect": "Allow",
              "Resource": {
                "Fn::Join": [
                  "",
                  [
                    "arn:",
                    {
                      "Ref": "AWS::Partition",
                    },
                    ":secretsmanager:us-east-1:123456789012:secret:language-drill/DATABASE_URL-??????",
                  ],
                ],
              },
            },
            {
              "Action": [
                "secretsmanager:GetSecretValue",
                "secretsmanager:DescribeSecret",
              ],
              "Effect": "Allow",
              "Resource": {
                "Fn::Join": [
                  "",
                  [
                    "arn:",
                    {
                      "Ref": "AWS::Partition",
                    },
                    ":secretsmanager:us-east-1:123456789012:secret:language-drill/CLERK_SECRET_KEY-??????",
                  ],
                ],
              },
            },
            {
              "Action": [
                "secretsmanager:GetSecretValue",
                "secretsmanager:DescribeSecret",
              ],
              "Effect": "Allow",
              "Resource": {
                "Fn::Join": [
                  "",
                  [
                    "arn:",
                    {
                      "Ref": "AWS::Partition",
                    },
                    ":secretsmanager:us-east-1:123456789012:secret:language-drill/ANTHROPIC_API_KEY-??????",
                  ],
                ],
              },
            },
            {
              "Action": [
                "secretsmanager:GetSecretValue",
                "secretsmanager:DescribeSecret",
              ],
              "Effect": "Allow",
              "Resource": {
                "Fn::Join": [
                  "",
                  [
                    "arn:",
                    {
                      "Ref": "AWS::Partition",
                    },
                    ":secretsmanager:us-east-1:123456789012:secret:language-drill/LANGFUSE_PUBLIC_KEY-??????",
                  ],
                ],
              },
            },
            {
              "Action": [
                "secretsmanager:GetSecretValue",
                "secretsmanager:DescribeSecret",
              ],
              "Effect": "Allow",
              "Resource": {
                "Fn::Join": [
                  "",
                  [
                    "arn:",
                    {
                      "Ref": "AWS::Partition",
                    },
                    ":secretsmanager:us-east-1:123456789012:secret:language-drill/LANGFUSE_SECRET_KEY-??????",
                  ],
                ],
              },
            },
          ],
          "Version": "2012-10-17",
        },
        "PolicyName": "AnnotateStreamHandlerServiceRoleDefaultPolicy4629907F",
        "Roles": [
          {
            "Ref": "AnnotateStreamHandlerServiceRoleF47FEC63",
          },
        ],
      },
      "Type": "AWS::IAM::Policy",
    },
    "AnnotateStreamHandlerServiceRoleF47FEC63": {
      "Properties": {
        "AssumeRolePolicyDocument": {
          "Statement": [
            {
              "Action": "sts:AssumeRole",
              "Effect": "Allow",
              "Principal": {
                "Service": "lambda.amazonaws.com",
              },
            },
          ],
          "Version": "2012-10-17",
        },
        "ManagedPolicyArns": [
          {
            "Fn::Join": [
              "",
              [
                "arn:",
                {
                  "Ref": "AWS::Partition",
                },
                ":iam::aws:policy/service-role/AWSLambdaBasicExecutionRole",
              ],
            ],
          },
        ],
        "Tags": [
          {
            "Key": "env",
            "Value": "prod",
          },
        ],
      },
      "Type": "AWS::IAM::Role",
    },
    "AnnotateStreamHandlerinvokefunction76ECC421": {
      "Properties": {
        "Action": "lambda:InvokeFunction",
        "FunctionName": {
          "Fn::GetAtt": [
            "AnnotateStreamHandlerECDF8AEA",
            "Arn",
          ],
        },
        "InvokedViaFunctionUrl": true,
        "Principal": "*",
      },
      "Type": "AWS::Lambda::Permission",
    },
    "AnnotateStreamHandlerinvokefunctionurl03363BCE": {
      "Properties": {
        "Action": "lambda:InvokeFunctionUrl",
        "FunctionName": {
          "Fn::GetAtt": [
            "AnnotateStreamHandlerECDF8AEA",
            "Arn",
          ],
        },
        "FunctionUrlAuthType": "NONE",
        "Principal": "*",
      },
      "Type": "AWS::Lambda::Permission",
    },
    "AnnotateStreamUrl211DD16F": {
      "Properties": {
        "AuthType": "NONE",
        "Cors": {
          "AllowHeaders": [
            "Authorization",
            "Content-Type",
          ],
          "AllowMethods": [
            "POST",
            "OPTIONS",
          ],
          "AllowOrigins": [
            "https://*.vercel.app",
            "https://langdrill.app",
            "https://www.langdrill.app",
          ],
          "MaxAge": 3600,
        },
        "InvokeMode": "RESPONSE_STREAM",
        "TargetFunctionArn": {
          "Fn::GetAtt": [
            "AnnotateStreamHandlerECDF8AEA",
            "Arn",
          ],
        },
      },
      "Type": "AWS::Lambda::Url",
    },
    "ApiGatewayApiCertificate57E1D46D": {
      "Properties": {
        "DomainName": "api.langdrill.app",
        "Tags": [
          {
            "Key": "env",
            "Value": "prod",
          },
          {
            "Key": "Name",
            "Value": "LanguageDrillStack/ApiGateway/ApiCertificate",
          },
        ],
        "ValidationMethod": "DNS",
      },
      "Type": "AWS::CertificateManager::Certificate",
    },
    "ApiGatewayApiDomain7EBCAF8D": {
      "Properties": {
        "DomainName": "api.langdrill.app",
        "DomainNameConfigurations": [
          {
            "CertificateArn": {
              "Ref": "ApiGatewayApiCertificate57E1D46D",
            },
            "EndpointType": "REGIONAL",
          },
        ],
        "Tags": {
          "env": "prod",
        },
      },
      "Type": "AWS::ApiGatewayV2::DomainName",
    },
    "ApiGatewayApiMappingDFFE7F88": {
      "DependsOn": [
        "ApiGatewayHttpApiDefaultStage22FF1A97",
      ],
      "Properties": {
        "ApiId": {
          "Ref": "ApiGatewayHttpApi55B01A81",
        },
        "DomainName": {
          "Ref": "ApiGatewayApiDomain7EBCAF8D",
        },
        "Stage": "$default",
      },
      "Type": "AWS::ApiGatewayV2::ApiMapping",
    },
    "ApiGatewayHttpApi55B01A81": {
      "Properties": {
        "Name": "language-drill-api",
        "ProtocolType": "HTTP",
        "Tags": {
          "env": "prod",
        },
      },
      "Type": "AWS::ApiGatewayV2::Api",
    },
    "ApiGatewayHttpApiClerkJwtAuthorizer2889DFA0": {
      "Properties": {
        "ApiId": {
          "Ref": "ApiGatewayHttpApi55B01A81",
        },
        "AuthorizerType": "JWT",
        "IdentitySource": [
          "$request.header.Authorization",
        ],
        "JwtConfiguration": {
          "Audience": [
            "language-drill",
          ],
          "Issuer": "https://clerk.example.com",
        },
        "Name": "ClerkJwtAuthorizer",
      },
      "Type": "AWS::ApiGatewayV2::Authorizer",
    },
    "ApiGatewayHttpApiDELETEproxyF0BD21E0": {
      "Properties": {
        "ApiId": {
          "Ref": "ApiGatewayHttpApi55B01A81",
        },
        "AuthorizationType": "JWT",
        "AuthorizerId": {
          "Ref": "ApiGatewayHttpApiClerkJwtAuthorizer2889DFA0",
        },
        "RouteKey": "DELETE /{proxy+}",
        "Target": {
          "Fn::Join": [
            "",
            [
              "integrations/",
              {
                "Ref": "ApiGatewayHttpApiGETproxyLambdaIntegrationDD4BBDC4",
              },
            ],
          ],
        },
      },
      "Type": "AWS::ApiGatewayV2::Route",
    },
    "ApiGatewayHttpApiDELETEproxyLambdaIntegrationPermission71A0ED70": {
      "Properties": {
        "Action": "lambda:InvokeFunction",
        "FunctionName": {
          "Fn::GetAtt": [
            "LambdaHandlerF6372945",
            "Arn",
          ],
        },
        "Principal": "apigateway.amazonaws.com",
        "SourceArn": {
          "Fn::Join": [
            "",
            [
              "arn:",
              {
                "Ref": "AWS::Partition",
              },
              ":execute-api:us-east-1:123456789012:",
              {
                "Ref": "ApiGatewayHttpApi55B01A81",
              },
              "/*/*/{proxy+}",
            ],
          ],
        },
      },
      "Type": "AWS::Lambda::Permission",
    },
    "ApiGatewayHttpApiDefaultStage22FF1A97": {
      "Properties": {
        "ApiId": {
          "Ref": "ApiGatewayHttpApi55B01A81",
        },
        "AutoDeploy": true,
        "StageName": "$default",
        "Tags": {
          "env": "prod",
        },
      },
      "Type": "AWS::ApiGatewayV2::Stage",
    },
    "ApiGatewayHttpApiGETproxyCDCF95D7": {
      "Properties": {
        "ApiId": {
          "Ref": "ApiGatewayHttpApi55B01A81",
        },
        "AuthorizationType": "JWT",
        "AuthorizerId": {
          "Ref": "ApiGatewayHttpApiClerkJwtAuthorizer2889DFA0",
        },
        "RouteKey": "GET /{proxy+}",
        "Target": {
          "Fn::Join": [
            "",
            [
              "integrations/",
              {
                "Ref": "ApiGatewayHttpApiGETproxyLambdaIntegrationDD4BBDC4",
              },
            ],
          ],
        },
      },
      "Type": "AWS::ApiGatewayV2::Route",
    },
    "ApiGatewayHttpApiGETproxyLambdaIntegrationDD4BBDC4": {
      "Properties": {
        "ApiId": {
          "Ref": "ApiGatewayHttpApi55B01A81",
        },
        "IntegrationType": "AWS_PROXY",
        "IntegrationUri": {
          "Fn::GetAtt": [
            "LambdaHandlerF6372945",
            "Arn",
          ],
        },
        "PayloadFormatVersion": "2.0",
      },
      "Type": "AWS::ApiGatewayV2::Integration",
    },
    "ApiGatewayHttpApiGETproxyLambdaIntegrationPermission314D53A1": {
      "Properties": {
        "Action": "lambda:InvokeFunction",
        "FunctionName": {
          "Fn::GetAtt": [
            "LambdaHandlerF6372945",
            "Arn",
          ],
        },
        "Principal": "apigateway.amazonaws.com",
        "SourceArn": {
          "Fn::Join": [
            "",
            [
              "arn:",
              {
                "Ref": "AWS::Partition",
              },
              ":execute-api:us-east-1:123456789012:",
              {
                "Ref": "ApiGatewayHttpApi55B01A81",
              },
              "/*/*/{proxy+}",
            ],
          ],
        },
      },
      "Type": "AWS::Lambda::Permission",
    },
    "ApiGatewayHttpApiOPTIONSproxy719D1011": {
      "Properties": {
        "ApiId": {
          "Ref": "ApiGatewayHttpApi55B01A81",
        },
        "AuthorizationType": "NONE",
        "RouteKey": "OPTIONS /{proxy+}",
        "Target": {
          "Fn::Join": [
            "",
            [
              "integrations/",
              {
                "Ref": "ApiGatewayHttpApiGETproxyLambdaIntegrationDD4BBDC4",
              },
            ],
          ],
        },
      },
      "Type": "AWS::ApiGatewayV2::Route",
    },
    "ApiGatewayHttpApiOPTIONSproxyLambdaIntegrationPermission3CF58B7C": {
      "Properties": {
        "Action": "lambda:InvokeFunction",
        "FunctionName": {
          "Fn::GetAtt": [
            "LambdaHandlerF6372945",
            "Arn",
          ],
        },
        "Principal": "apigateway.amazonaws.com",
        "SourceArn": {
          "Fn::Join": [
            "",
            [
              "arn:",
              {
                "Ref": "AWS::Partition",
              },
              ":execute-api:us-east-1:123456789012:",
              {
                "Ref": "ApiGatewayHttpApi55B01A81",
              },
              "/*/*/{proxy+}",
            ],
          ],
        },
      },
      "Type": "AWS::Lambda::Permission",
    },
    "ApiGatewayHttpApiPATCHproxy0F4C34DF": {
      "Properties": {
        "ApiId": {
          "Ref": "ApiGatewayHttpApi55B01A81",
        },
        "AuthorizationType": "JWT",
        "AuthorizerId": {
          "Ref": "ApiGatewayHttpApiClerkJwtAuthorizer2889DFA0",
        },
        "RouteKey": "PATCH /{proxy+}",
        "Target": {
          "Fn::Join": [
            "",
            [
              "integrations/",
              {
                "Ref": "ApiGatewayHttpApiGETproxyLambdaIntegrationDD4BBDC4",
              },
            ],
          ],
        },
      },
      "Type": "AWS::ApiGatewayV2::Route",
    },
    "ApiGatewayHttpApiPATCHproxyLambdaIntegrationPermissionEFAA994F": {
      "Properties": {
        "Action": "lambda:InvokeFunction",
        "FunctionName": {
          "Fn::GetAtt": [
            "LambdaHandlerF6372945",
            "Arn",
          ],
        },
        "Principal": "apigateway.amazonaws.com",
        "SourceArn": {
          "Fn::Join": [
            "",
            [
              "arn:",
              {
                "Ref": "AWS::Partition",
              },
              ":execute-api:us-east-1:123456789012:",
              {
                "Ref": "ApiGatewayHttpApi55B01A81",
              },
              "/*/*/{proxy+}",
            ],
          ],
        },
      },
      "Type": "AWS::Lambda::Permission",
    },
    "ApiGatewayHttpApiPOSTproxyC254FC6E": {
      "Properties": {
        "ApiId": {
          "Ref": "ApiGatewayHttpApi55B01A81",
        },
        "AuthorizationType": "JWT",
        "AuthorizerId": {
          "Ref": "ApiGatewayHttpApiClerkJwtAuthorizer2889DFA0",
        },
        "RouteKey": "POST /{proxy+}",
        "Target": {
          "Fn::Join": [
            "",
            [
              "integrations/",
              {
                "Ref": "ApiGatewayHttpApiGETproxyLambdaIntegrationDD4BBDC4",
              },
            ],
          ],
        },
      },
      "Type": "AWS::ApiGatewayV2::Route",
    },
    "ApiGatewayHttpApiPOSTproxyLambdaIntegrationPermissionC21BEA62": {
      "Properties": {
        "Action": "lambda:InvokeFunction",
        "FunctionName": {
          "Fn::GetAtt": [
            "LambdaHandlerF6372945",
            "Arn",
          ],
        },
        "Principal": "apigateway.amazonaws.com",
        "SourceArn": {
          "Fn::Join": [
            "",
            [
              "arn:",
              {
                "Ref": "AWS::Partition",
              },
              ":execute-api:us-east-1:123456789012:",
              {
                "Ref": "ApiGatewayHttpApi55B01A81",
              },
              "/*/*/{proxy+}",
            ],
          ],
        },
      },
      "Type": "AWS::Lambda::Permission",
    },
    "ApiGatewayHttpApiPOSTwebhooksclerkBE4F9013": {
      "Properties": {
        "ApiId": {
          "Ref": "ApiGatewayHttpApi55B01A81",
        },
        "AuthorizationType": "NONE",
        "RouteKey": "POST /webhooks/clerk",
        "Target": {
          "Fn::Join": [
            "",
            [
              "integrations/",
              {
                "Ref": "ApiGatewayHttpApiGETproxyLambdaIntegrationDD4BBDC4",
              },
            ],
          ],
        },
      },
      "Type": "AWS::ApiGatewayV2::Route",
    },
    "ApiGatewayHttpApiPOSTwebhooksclerkLambdaIntegrationPermissionE7625DF0": {
      "Properties": {
        "Action": "lambda:InvokeFunction",
        "FunctionName": {
          "Fn::GetAtt": [
            "LambdaHandlerF6372945",
            "Arn",
          ],
        },
        "Principal": "apigateway.amazonaws.com",
        "SourceArn": {
          "Fn::Join": [
            "",
            [
              "arn:",
              {
                "Ref": "AWS::Partition",
              },
              ":execute-api:us-east-1:123456789012:",
              {
                "Ref": "ApiGatewayHttpApi55B01A81",
              },
              "/*/*/webhooks/clerk",
            ],
          ],
        },
      },
      "Type": "AWS::Lambda::Permission",
    },
    "ApiGatewayHttpApiPUTproxy9DBCC280": {
      "Properties": {
        "ApiId": {
          "Ref": "ApiGatewayHttpApi55B01A81",
        },
        "AuthorizationType": "JWT",
        "AuthorizerId": {
          "Ref": "ApiGatewayHttpApiClerkJwtAuthorizer2889DFA0",
        },
        "RouteKey": "PUT /{proxy+}",
        "Target": {
          "Fn::Join": [
            "",
            [
              "integrations/",
              {
                "Ref": "ApiGatewayHttpApiGETproxyLambdaIntegrationDD4BBDC4",
              },
            ],
          ],
        },
      },
      "Type": "AWS::ApiGatewayV2::Route",
    },
    "ApiGatewayHttpApiPUTproxyLambdaIntegrationPermission8C481A8B": {
      "Properties": {
        "Action": "lambda:InvokeFunction",
        "FunctionName": {
          "Fn::GetAtt": [
            "LambdaHandlerF6372945",
            "Arn",
          ],
        },
        "Principal": "apigateway.amazonaws.com",
        "SourceArn": {
          "Fn::Join": [
            "",
            [
              "arn:",
              {
                "Ref": "AWS::Partition",
              },
              ":execute-api:us-east-1:123456789012:",
              {
                "Ref": "ApiGatewayHttpApi55B01A81",
              },
              "/*/*/{proxy+}",
            ],
          ],
        },
      },
      "Type": "AWS::Lambda::Permission",
    },
    "GenerationLambdaWrapGenerationErrorsAlarm3DD6FF6D": {
      "Properties": {
        "AlarmDescription": "Phase 4: generation Lambda recorded > 5 errors in a single day.",
        "ComparisonOperator": "GreaterThanThreshold",
        "Dimensions": [
          {
            "Name": "FunctionName",
            "Value": {
              "Ref": "GenerationLambdaWrapHandler1113D722",
            },
          },
        ],
        "EvaluationPeriods": 1,
        "MetricName": "Errors",
        "Namespace": "AWS/Lambda",
        "Period": 86400,
        "Statistic": "Sum",
        "Tags": [
          {
            "Key": "env",
            "Value": "prod",
          },
        ],
        "Threshold": 5,
        "TreatMissingData": "notBreaching",
      },
      "Type": "AWS::CloudWatch::Alarm",
    },
    "GenerationLambdaWrapHandler1113D722": {
      "DependsOn": [
        "GenerationLambdaWrapHandlerServiceRoleDefaultPolicy6F57C426",
        "GenerationLambdaWrapHandlerServiceRole7CBE6A41",
      ],
      "Properties": {
        "Code": {
          "S3Bucket": "cdk-hnb659fds-assets-123456789012-us-east-1",
          "S3Key": "<asset-hash>.zip",
        },
        "Environment": {
          "Variables": {
            "ANTHROPIC_API_KEY": {
              "Fn::Join": [
                "",
                [
                  "{{resolve:secretsmanager:arn:",
                  {
                    "Ref": "AWS::Partition",
                  },
                  ":secretsmanager:us-east-1:123456789012:secret:language-drill/ANTHROPIC_API_KEY:SecretString:::}}",
                ],
              ],
            },
            "DATABASE_URL": {
              "Fn::Join": [
                "",
                [
                  "{{resolve:secretsmanager:arn:",
                  {
                    "Ref": "AWS::Partition",
                  },
                  ":secretsmanager:us-east-1:123456789012:secret:language-drill/DATABASE_URL:SecretString:::}}",
                ],
              ],
            },
            "ENV_NAME": "prod",
            "LANGFUSE_ENV": "prod",
            "LANGFUSE_PUBLIC_KEY": {
              "Fn::Join": [
                "",
                [
                  "{{resolve:secretsmanager:arn:",
                  {
                    "Ref": "AWS::Partition",
                  },
                  ":secretsmanager:us-east-1:123456789012:secret:language-drill/LANGFUSE_PUBLIC_KEY:SecretString:::}}",
                ],
              ],
            },
            "LANGFUSE_SECRET_KEY": {
              "Fn::Join": [
                "",
                [
                  "{{resolve:secretsmanager:arn:",
                  {
                    "Ref": "AWS::Partition",
                  },
                  ":secretsmanager:us-east-1:123456789012:secret:language-drill/LANGFUSE_SECRET_KEY:SecretString:::}}",
                ],
              ],
            },
          },
        },
        "Handler": "index.handler",
        "MemorySize": 1024,
        "ReservedConcurrentExecutions": 3,
        "Role": {
          "Fn::GetAtt": [
            "GenerationLambdaWrapHandlerServiceRole7CBE6A41",
            "Arn",
          ],
        },
        "Runtime": "nodejs20.x",
        "Tags": [
          {
            "Key": "env",
            "Value": "prod",
          },
        ],
        "Timeout": 900,
      },
      "Type": "AWS::Lambda::Function",
    },
    "GenerationLambdaWrapHandlerLogRetention735575A4": {
      "Properties": {
        "LogGroupName": {
          "Fn::Join": [
            "",
            [
              "/aws/lambda/",
              {
                "Ref": "GenerationLambdaWrapHandler1113D722",
              },
            ],
          ],
        },
        "RetentionInDays": 30,
        "ServiceToken": {
          "Fn::GetAtt": [
            "LogRetentionaae0aa3c5b4d4f87b02d85b201efdd8aFD4BFC8A",
            "Arn",
          ],
        },
      },
      "Type": "Custom::LogRetention",
    },
    "GenerationLambdaWrapHandlerServiceRole7CBE6A41": {
      "Properties": {
        "AssumeRolePolicyDocument": {
          "Statement": [
            {
              "Action": "sts:AssumeRole",
              "Effect": "Allow",
              "Principal": {
                "Service": "lambda.amazonaws.com",
              },
            },
          ],
          "Version": "2012-10-17",
        },
        "ManagedPolicyArns": [
          {
            "Fn::Join": [
              "",
              [
                "arn:",
                {
                  "Ref": "AWS::Partition",
                },
                ":iam::aws:policy/service-role/AWSLambdaBasicExecutionRole",
              ],
            ],
          },
        ],
        "Tags": [
          {
            "Key": "env",
            "Value": "prod",
          },
        ],
      },
      "Type": "AWS::IAM::Role",
    },
    "GenerationLambdaWrapHandlerServiceRoleDefaultPolicy6F57C426": {
      "Properties": {
        "PolicyDocument": {
          "Statement": [
            {
              "Action": [
                "secretsmanager:GetSecretValue",
                "secretsmanager:DescribeSecret",
              ],
              "Effect": "Allow",
              "Resource": {
                "Fn::Join": [
                  "",
                  [
                    "arn:",
                    {
                      "Ref": "AWS::Partition",
                    },
                    ":secretsmanager:us-east-1:123456789012:secret:language-drill/DATABASE_URL-??????",
                  ],
                ],
              },
            },
            {
              "Action": [
                "secretsmanager:GetSecretValue",
                "secretsmanager:DescribeSecret",
              ],
              "Effect": "Allow",
              "Resource": {
                "Fn::Join": [
                  "",
                  [
                    "arn:",
                    {
                      "Ref": "AWS::Partition",
                    },
                    ":secretsmanager:us-east-1:123456789012:secret:language-drill/ANTHROPIC_API_KEY-??????",
                  ],
                ],
              },
            },
            {
              "Action": [
                "secretsmanager:GetSecretValue",
                "secretsmanager:DescribeSecret",
              ],
              "Effect": "Allow",
              "Resource": {
                "Fn::Join": [
                  "",
                  [
                    "arn:",
                    {
                      "Ref": "AWS::Partition",
                    },
                    ":secretsmanager:us-east-1:123456789012:secret:language-drill/LANGFUSE_PUBLIC_KEY-??????",
                  ],
                ],
              },
            },
            {
              "Action": [
                "secretsmanager:GetSecretValue",
                "secretsmanager:DescribeSecret",
              ],
              "Effect": "Allow",
              "Resource": {
                "Fn::Join": [
                  "",
                  [
                    "arn:",
                    {
                      "Ref": "AWS::Partition",
                    },
                    ":secretsmanager:us-east-1:123456789012:secret:language-drill/LANGFUSE_SECRET_KEY-??????",
                  ],
                ],
              },
            },
            {
              "Action": [
                "sqs:ReceiveMessage",
                "sqs:ChangeMessageVisibility",
                "sqs:GetQueueUrl",
                "sqs:DeleteMessage",
                "sqs:GetQueueAttributes",
              ],
              "Effect": "Allow",
              "Resource": {
                "Fn::GetAtt": [
                  "GenerationQueueB318CF3E",
                  "Arn",
                ],
              },
            },
          ],
          "Version": "2012-10-17",
        },
        "PolicyName": "GenerationLambdaWrapHandlerServiceRoleDefaultPolicy6F57C426",
        "Roles": [
          {
            "Ref": "GenerationLambdaWrapHandlerServiceRole7CBE6A41",
          },
        ],
      },
      "Type": "AWS::IAM::Policy",
    },
    "GenerationLambdaWrapHandlerSqsEventSourceLanguageDrillStackGenerationQueueAB5A4ED2F889EC5A": {
      "Properties": {
        "BatchSize": 1,
        "EventSourceArn": {
          "Fn::GetAtt": [
            "GenerationQueueB318CF3E",
            "Arn",
          ],
        },
        "FunctionName": {
          "Ref": "GenerationLambdaWrapHandler1113D722",
        },
        "FunctionResponseTypes": [
          "ReportBatchItemFailures",
        ],
        "ScalingConfig": {
          "MaximumConcurrency": 3,
        },
        "Tags": [
          {
            "Key": "env",
            "Value": "prod",
          },
        ],
      },
      "Type": "AWS::Lambda::EventSourceMapping",
    },
    "GenerationQueueB318CF3E": {
      "DeletionPolicy": "Delete",
      "Properties": {
        "RedrivePolicy": {
          "deadLetterTargetArn": {
            "Fn::GetAtt": [
              "GenerationQueueGenerationDeadLetterQueue979A7EC1",
              "Arn",
            ],
          },
          "maxReceiveCount": 3,
        },
        "Tags": [
          {
            "Key": "env",
            "Value": "prod",
          },
        ],
        "VisibilityTimeout": 900,
      },
      "Type": "AWS::SQS::Queue",
      "UpdateReplacePolicy": "Delete",
    },
    "GenerationQueueGenerationDeadLetterQueue979A7EC1": {
      "DeletionPolicy": "Delete",
      "Properties": {
        "MessageRetentionPeriod": 1209600,
        "Tags": [
          {
            "Key": "env",
            "Value": "prod",
          },
        ],
      },
      "Type": "AWS::SQS::Queue",
      "UpdateReplacePolicy": "Delete",
    },
    "GenerationQueueGenerationDlqDepthAlarm159A0E71": {
      "Properties": {
        "AlarmDescription": "Phase 4: a generation message survived every redelivery and landed in the DLQ.",
        "ComparisonOperator": "GreaterThanOrEqualToThreshold",
        "Dimensions": [
          {
            "Name": "QueueName",
            "Value": {
              "Fn::GetAtt": [
                "GenerationQueueGenerationDeadLetterQueue979A7EC1",
                "QueueName",
              ],
            },
          },
        ],
        "EvaluationPeriods": 1,
        "MetricName": "ApproximateNumberOfMessagesVisible",
        "Namespace": "AWS/SQS",
        "Period": 300,
        "Statistic": "Maximum",
        "Tags": [
          {
            "Key": "env",
            "Value": "prod",
          },
        ],
        "Threshold": 1,
        "TreatMissingData": "notBreaching",
      },
      "Type": "AWS::CloudWatch::Alarm",
    },
    "LambdaHandlerF6372945": {
      "DependsOn": [
        "LambdaHandlerServiceRoleDefaultPolicyBE5FAE6F",
        "LambdaHandlerServiceRole00F05BC9",
      ],
      "Properties": {
        "Code": {
          "S3Bucket": "cdk-hnb659fds-assets-123456789012-us-east-1",
          "S3Key": "<asset-hash>.zip",
        },
        "Environment": {
          "Variables": {
            "ADMIN_USER_IDS": "",
            "ALLOWED_ORIGINS": "https://*.vercel.app,https://langdrill.app,https://www.langdrill.app",
            "ANTHROPIC_API_KEY": {
              "Fn::Join": [
                "",
                [
                  "{{resolve:secretsmanager:arn:",
                  {
                    "Ref": "AWS::Partition",
                  },
                  ":secretsmanager:us-east-1:123456789012:secret:language-drill/ANTHROPIC_API_KEY:SecretString:::}}",
                ],
              ],
            },
            "CLERK_SECRET_KEY": {
              "Fn::Join": [
                "",
                [
                  "{{resolve:secretsmanager:arn:",
                  {
                    "Ref": "AWS::Partition",
                  },
                  ":secretsmanager:us-east-1:123456789012:secret:language-drill/CLERK_SECRET_KEY:SecretString:::}}",
                ],
              ],
            },
            "CLERK_WEBHOOK_SECRET": {
              "Fn::Join": [
                "",
                [
                  "{{resolve:secretsmanager:arn:",
                  {
                    "Ref": "AWS::Partition",
                  },
                  ":secretsmanager:us-east-1:123456789012:secret:language-drill/CLERK_WEBHOOK_SECRET:SecretString:::}}",
                ],
              ],
            },
            "DATABASE_URL": {
              "Fn::Join": [
                "",
                [
                  "{{resolve:secretsmanager:arn:",
                  {
                    "Ref": "AWS::Partition",
                  },
                  ":secretsmanager:us-east-1:123456789012:secret:language-drill/DATABASE_URL:SecretString:::}}",
                ],
              ],
            },
            "ENV_NAME": "prod",
            "LANGFUSE_ENV": "prod",
            "LANGFUSE_PUBLIC_KEY": {
              "Fn::Join": [
                "",
                [
                  "{{resolve:secretsmanager:arn:",
                  {
                    "Ref": "AWS::Partition",
                  },
                  ":secretsmanager:us-east-1:123456789012:secret:language-drill/LANGFUSE_PUBLIC_KEY:SecretString:::}}",
                ],
              ],
            },
            "LANGFUSE_SECRET_KEY": {
              "Fn::Join": [
                "",
                [
                  "{{resolve:secretsmanager:arn:",
                  {
                    "Ref": "AWS::Partition",
                  },
                  ":secretsmanager:us-east-1:123456789012:secret:language-drill/LANGFUSE_SECRET_KEY:SecretString:::}}",
                ],
              ],
            },
            "UPSTASH_REDIS_REST_TOKEN": {
              "Fn::Join": [
                "",
                [
                  "{{resolve:secretsmanager:arn:",
                  {
                    "Ref": "AWS::Partition",
                  },
                  ":secretsmanager:us-east-1:123456789012:secret:language-drill/UPSTASH_REDIS_REST_TOKEN:SecretString:::}}",
                ],
              ],
            },
            "UPSTASH_REDIS_REST_URL": {
              "Fn::Join": [
                "",
                [
                  "{{resolve:secretsmanager:arn:",
                  {
                    "Ref": "AWS::Partition",
                  },
                  ":secretsmanager:us-east-1:123456789012:secret:language-drill/UPSTASH_REDIS_REST_URL:SecretString:::}}",
                ],
              ],
            },
          },
        },
        "Handler": "index.handler",
        "MemorySize": 512,
        "Role": {
          "Fn::GetAtt": [
            "LambdaHandlerServiceRole00F05BC9",
            "Arn",
          ],
        },
        "Runtime": "nodejs20.x",
        "Tags": [
          {
            "Key": "env",
            "Value": "prod",
          },
        ],
        "Timeout": 29,
      },
      "Type": "AWS::Lambda::Function",
    },
    "LambdaHandlerServiceRole00F05BC9": {
      "Properties": {
        "AssumeRolePolicyDocument": {
          "Statement": [
            {
              "Action": "sts:AssumeRole",
              "Effect": "Allow",
              "Principal": {
                "Service": "lambda.amazonaws.com",
              },
            },
          ],
          "Version": "2012-10-17",
        },
        "ManagedPolicyArns": [
          {
            "Fn::Join": [
              "",
              [
                "arn:",
                {
                  "Ref": "AWS::Partition",
                },
                ":iam::aws:policy/service-role/AWSLambdaBasicExecutionRole",
              ],
            ],
          },
        ],
        "Tags": [
          {
            "Key": "env",
            "Value": "prod",
          },
        ],
      },
      "Type": "AWS::IAM::Role",
    },
    "LambdaHandlerServiceRoleDefaultPolicyBE5FAE6F": {
      "Properties": {
        "PolicyDocument": {
          "Statement": [
            {
              "Action": [
                "secretsmanager:GetSecretValue",
                "secretsmanager:DescribeSecret",
              ],
              "Effect": "Allow",
              "Resource": {
                "Fn::Join": [
                  "",
                  [
                    "arn:",
                    {
                      "Ref": "AWS::Partition",
                    },
                    ":secretsmanager:us-east-1:123456789012:secret:language-drill/DATABASE_URL-??????",
                  ],
                ],
              },
            },
            {
              "Action": [
                "secretsmanager:GetSecretValue",
                "secretsmanager:DescribeSecret",
              ],
              "Effect": "Allow",
              "Resource": {
                "Fn::Join": [
                  "",
                  [
                    "arn:",
                    {
                      "Ref": "AWS::Partition",
                    },
                    ":secretsmanager:us-east-1:123456789012:secret:language-drill/CLERK_SECRET_KEY-??????",
                  ],
                ],
              },
            },
            {
              "Action": [
                "secretsmanager:GetSecretValue",
                "secretsmanager:DescribeSecret",
              ],
              "Effect": "Allow",
              "Resource": {
                "Fn::Join": [
                  "",
                  [
                    "arn:",
                    {
                      "Ref": "AWS::Partition",
                    },
                    ":secretsmanager:us-east-1:123456789012:secret:language-drill/CLERK_WEBHOOK_SECRET-??????",
                  ],
                ],
              },
            },
            {
              "Action": [
                "secretsmanager:GetSecretValue",
                "secretsmanager:DescribeSecret",
              ],
              "Effect": "Allow",
              "Resource": {
                "Fn::Join": [
                  "",
                  [
                    "arn:",
                    {
                      "Ref": "AWS::Partition",
                    },
                    ":secretsmanager:us-east-1:123456789012:secret:language-drill/ANTHROPIC_API_KEY-??????",
                  ],
                ],
              },
            },
            {
              "Action": [
                "secretsmanager:GetSecretValue",
                "secretsmanager:DescribeSecret",
              ],
              "Effect": "Allow",
              "Resource": {
                "Fn::Join": [
                  "",
                  [
                    "arn:",
                    {
                      "Ref": "AWS::Partition",
                    },
                    ":secretsmanager:us-east-1:123456789012:secret:language-drill/UPSTASH_REDIS_REST_URL-??????",
                  ],
                ],
              },
            },
            {
              "Action": [
                "secretsmanager:GetSecretValue",
                "secretsmanager:DescribeSecret",
              ],
              "Effect": "Allow",
              "Resource": {
                "Fn::Join": [
                  "",
                  [
                    "arn:",
                    {
                      "Ref": "AWS::Partition",
                    },
                    ":secretsmanager:us-east-1:123456789012:secret:language-drill/UPSTASH_REDIS_REST_TOKEN-??????",
                  ],
                ],
              },
            },
            {
              "Action": [
                "secretsmanager:GetSecretValue",
                "secretsmanager:DescribeSecret",
              ],
              "Effect": "Allow",
              "Resource": {
                "Fn::Join": [
                  "",
                  [
                    "arn:",
                    {
                      "Ref": "AWS::Partition",
                    },
                    ":secretsmanager:us-east-1:123456789012:secret:language-drill/LANGFUSE_PUBLIC_KEY-??????",
                  ],
                ],
              },
            },
            {
              "Action": [
                "secretsmanager:GetSecretValue",
                "secretsmanager:DescribeSecret",
              ],
              "Effect": "Allow",
              "Resource": {
                "Fn::Join": [
                  "",
                  [
                    "arn:",
                    {
                      "Ref": "AWS::Partition",
                    },
                    ":secretsmanager:us-east-1:123456789012:secret:language-drill/LANGFUSE_SECRET_KEY-??????",
                  ],
                ],
              },
            },
            {
              "Action": [
                "s3:GetObject*",
                "s3:GetBucket*",
                "s3:List*",
              ],
              "Effect": "Allow",
              "Resource": [
                {
                  "Fn::GetAtt": [
                    "StorageContentBucket858D6C32",
                    "Arn",
                  ],
                },
                {
                  "Fn::Join": [
                    "",
                    [
                      {
                        "Fn::GetAtt": [
                          "StorageContentBucket858D6C32",
                          "Arn",
                        ],
                      },
                      "/*",
                    ],
                  ],
                },
              ],
            },
            {
              "Action": [
                "sqs:SendMessage",
                "sqs:GetQueueAttributes",
                "sqs:GetQueueUrl",
              ],
              "Effect": "Allow",
              "Resource": {
                "Fn::GetAtt": [
                  "QueueJobsQueue16F00CB9",
                  "Arn",
                ],
              },
            },
          ],
          "Version": "2012-10-17",
        },
        "PolicyName": "LambdaHandlerServiceRoleDefaultPolicyBE5FAE6F",
        "Roles": [
          {
            "Ref": "LambdaHandlerServiceRole00F05BC9",
          },
        ],
      },
      "Type": "AWS::IAM::Policy",
    },
    "LogRetentionaae0aa3c5b4d4f87b02d85b201efdd8aFD4BFC8A": {
      "DependsOn": [
        "LogRetentionaae0aa3c5b4d4f87b02d85b201efdd8aServiceRoleDefaultPolicyADDA7DEB",
        "LogRetentionaae0aa3c5b4d4f87b02d85b201efdd8aServiceRole9741ECFB",
      ],
      "Properties": {
        "Code": {
          "S3Bucket": "cdk-hnb659fds-assets-123456789012-us-east-1",
          "S3Key": "<asset-hash>.zip",
        },
        "Handler": "index.handler",
        "Role": {
          "Fn::GetAtt": [
            "LogRetentionaae0aa3c5b4d4f87b02d85b201efdd8aServiceRole9741ECFB",
            "Arn",
          ],
        },
        "Runtime": "nodejs22.x",
        "Tags": [
          {
            "Key": "env",
            "Value": "prod",
          },
        ],
        "Timeout": 900,
      },
      "Type": "AWS::Lambda::Function",
    },
    "LogRetentionaae0aa3c5b4d4f87b02d85b201efdd8aServiceRole9741ECFB": {
      "Properties": {
        "AssumeRolePolicyDocument": {
          "Statement": [
            {
              "Action": "sts:AssumeRole",
              "Effect": "Allow",
              "Principal": {
                "Service": "lambda.amazonaws.com",
              },
            },
          ],
          "Version": "2012-10-17",
        },
        "ManagedPolicyArns": [
          {
            "Fn::Join": [
              "",
              [
                "arn:",
                {
                  "Ref": "AWS::Partition",
                },
                ":iam::aws:policy/service-role/AWSLambdaBasicExecutionRole",
              ],
            ],
          },
        ],
        "Tags": [
          {
            "Key": "env",
            "Value": "prod",
          },
        ],
      },
      "Type": "AWS::IAM::Role",
    },
    "LogRetentionaae0aa3c5b4d4f87b02d85b201efdd8aServiceRoleDefaultPolicyADDA7DEB": {
      "Properties": {
        "PolicyDocument": {
          "Statement": [
            {
              "Action": [
                "logs:PutRetentionPolicy",
                "logs:DeleteRetentionPolicy",
              ],
              "Effect": "Allow",
              "Resource": "*",
            },
          ],
          "Version": "2012-10-17",
        },
        "PolicyName": "LogRetentionaae0aa3c5b4d4f87b02d85b201efdd8aServiceRoleDefaultPolicyADDA7DEB",
        "Roles": [
          {
            "Ref": "LogRetentionaae0aa3c5b4d4f87b02d85b201efdd8aServiceRole9741ECFB",
          },
        ],
      },
      "Type": "AWS::IAM::Policy",
    },
    "QueueDeadLetterQueue27D1B28A": {
      "DeletionPolicy": "Delete",
      "Properties": {
        "MessageRetentionPeriod": 1209600,
        "Tags": [
          {
            "Key": "env",
            "Value": "prod",
          },
        ],
      },
      "Type": "AWS::SQS::Queue",
      "UpdateReplacePolicy": "Delete",
    },
    "QueueJobsQueue16F00CB9": {
      "DeletionPolicy": "Delete",
      "Properties": {
        "RedrivePolicy": {
          "deadLetterTargetArn": {
            "Fn::GetAtt": [
              "QueueDeadLetterQueue27D1B28A",
              "Arn",
            ],
          },
          "maxReceiveCount": 3,
        },
        "Tags": [
          {
            "Key": "env",
            "Value": "prod",
          },
        ],
        "VisibilityTimeout": 90,
      },
      "Type": "AWS::SQS::Queue",
      "UpdateReplacePolicy": "Delete",
    },
    "SchedulerLambdaWrapHandler98188032": {
      "DependsOn": [
        "SchedulerLambdaWrapHandlerServiceRoleDefaultPolicy292C4AB7",
        "SchedulerLambdaWrapHandlerServiceRole5F508912",
      ],
      "Properties": {
        "Code": {
          "S3Bucket": "cdk-hnb659fds-assets-123456789012-us-east-1",
          "S3Key": "<asset-hash>.zip",
        },
        "Environment": {
          "Variables": {
            "DATABASE_URL": {
              "Fn::Join": [
                "",
                [
                  "{{resolve:secretsmanager:arn:",
                  {
                    "Ref": "AWS::Partition",
                  },
                  ":secretsmanager:us-east-1:123456789012:secret:language-drill/DATABASE_URL:SecretString:::}}",
                ],
              ],
            },
            "GENERATION_QUEUE_URL": {
              "Ref": "GenerationQueueB318CF3E",
            },
          },
        },
        "Handler": "index.handler",
        "MemorySize": 512,
        "Role": {
          "Fn::GetAtt": [
            "SchedulerLambdaWrapHandlerServiceRole5F508912",
            "Arn",
          ],
        },
        "Runtime": "nodejs20.x",
        "Tags": [
          {
            "Key": "env",
            "Value": "prod",
          },
        ],
        "Timeout": 60,
      },
      "Type": "AWS::Lambda::Function",
    },
    "SchedulerLambdaWrapHandlerLogRetention2926B541": {
      "Properties": {
        "LogGroupName": {
          "Fn::Join": [
            "",
            [
              "/aws/lambda/",
              {
                "Ref": "SchedulerLambdaWrapHandler98188032",
              },
            ],
          ],
        },
        "RetentionInDays": 30,
        "ServiceToken": {
          "Fn::GetAtt": [
            "LogRetentionaae0aa3c5b4d4f87b02d85b201efdd8aFD4BFC8A",
            "Arn",
          ],
        },
      },
      "Type": "Custom::LogRetention",
    },
    "SchedulerLambdaWrapHandlerServiceRole5F508912": {
      "Properties": {
        "AssumeRolePolicyDocument": {
          "Statement": [
            {
              "Action": "sts:AssumeRole",
              "Effect": "Allow",
              "Principal": {
                "Service": "lambda.amazonaws.com",
              },
            },
          ],
          "Version": "2012-10-17",
        },
        "ManagedPolicyArns": [
          {
            "Fn::Join": [
              "",
              [
                "arn:",
                {
                  "Ref": "AWS::Partition",
                },
                ":iam::aws:policy/service-role/AWSLambdaBasicExecutionRole",
              ],
            ],
          },
        ],
        "Tags": [
          {
            "Key": "env",
            "Value": "prod",
          },
        ],
      },
      "Type": "AWS::IAM::Role",
    },
    "SchedulerLambdaWrapHandlerServiceRoleDefaultPolicy292C4AB7": {
      "Properties": {
        "PolicyDocument": {
          "Statement": [
            {
              "Action": [
                "secretsmanager:GetSecretValue",
                "secretsmanager:DescribeSecret",
              ],
              "Effect": "Allow",
              "Resource": {
                "Fn::Join": [
                  "",
                  [
                    "arn:",
                    {
                      "Ref": "AWS::Partition",
                    },
                    ":secretsmanager:us-east-1:123456789012:secret:language-drill/DATABASE_URL-??????",
                  ],
                ],
              },
            },
            {
              "Action": [
                "sqs:SendMessage",
                "sqs:GetQueueAttributes",
                "sqs:GetQueueUrl",
              ],
              "Effect": "Allow",
              "Resource": {
                "Fn::GetAtt": [
                  "GenerationQueueB318CF3E",
                  "Arn",
                ],
              },
            },
          ],
          "Version": "2012-10-17",
        },
        "PolicyName": "SchedulerLambdaWrapHandlerServiceRoleDefaultPolicy292C4AB7",
        "Roles": [
          {
            "Ref": "SchedulerLambdaWrapHandlerServiceRole5F508912",
          },
        ],
      },
      "Type": "AWS::IAM::Policy",
    },
    "SchedulerLambdaWrapSchedulerRule53B6E355": {
      "Properties": {
        "Description": "Phase 4: daily refill scheduler — walks the curriculum and enqueues under-target cells.",
        "ScheduleExpression": "cron(0 4 * * ? *)",
        "State": "ENABLED",
        "Tags": [
          {
            "Key": "env",
            "Value": "prod",
          },
        ],
        "Targets": [
          {
            "Arn": {
              "Fn::GetAtt": [
                "SchedulerLambdaWrapHandler98188032",
                "Arn",
              ],
            },
            "Id": "Target0",
          },
        ],
      },
      "Type": "AWS::Events::Rule",
    },
    "SchedulerLambdaWrapSchedulerRuleAllowEventRuleLanguageDrillStackSchedulerLambdaWrapHandler6A855A17DF9360C1": {
      "Properties": {
        "Action": "lambda:InvokeFunction",
        "FunctionName": {
          "Fn::GetAtt": [
            "SchedulerLambdaWrapHandler98188032",
            "Arn",
          ],
        },
        "Principal": "events.amazonaws.com",
        "SourceArn": {
          "Fn::GetAtt": [
            "SchedulerLambdaWrapSchedulerRule53B6E355",
            "Arn",
          ],
        },
      },
      "Type": "AWS::Lambda::Permission",
    },
    "StorageContentBucket858D6C32": {
      "DeletionPolicy": "Retain",
      "Properties": {
        "PublicAccessBlockConfiguration": {
          "BlockPublicAcls": true,
          "BlockPublicPolicy": true,
          "IgnorePublicAcls": true,
          "RestrictPublicBuckets": true,
        },
        "Tags": [
          {
            "Key": "env",
            "Value": "prod",
          },
        ],
        "VersioningConfiguration": {
          "Status": "Enabled",
        },
      },
      "Type": "AWS::S3::Bucket",
      "UpdateReplacePolicy": "Retain",
    },
  },
  "Rules": {
    "CheckBootstrapVersion": {
      "Assertions": [
        {
          "Assert": {
            "Fn::Not": [
              {
                "Fn::Contains": [
                  [
                    "1",
                    "2",
                    "3",
                    "4",
                    "5",
                  ],
                  {
                    "Ref": "BootstrapVersion",
                  },
                ],
              },
            ],
          },
          "AssertDescription": "CDK bootstrap stack version 6 required. Please run 'cdk bootstrap' with a recent version of the CDK CLI.",
        },
      ],
    },
  },
}
`;
